// Jest Snapshot v1, https://goo.gl/fbAQLP

exports[`Pruebas en el EntryComponent Debe hacer match con el snapshot 1`] = `
<div class="entry-container mb-3 pointer p-2">
  <div class="entry-title d-flex"><span class="text-success fs-5 fw-bold">24</span><span class="mx-2 fs-5">Mayo</span><span class="mx-2 fw-light">2022,Martes</span></div>
  <div class="entry-description text-start">Fuimos por una nieve</div>
</div>
`;
