// Jest Snapshot v1, https://goo.gl/fbAQLP

exports[`Pruebas en el NavbarComponent Debe mostrar el componente correctamente 1`] = `
<nav class="navbar bg-primary"><a class="navbar-brand text-white"><img src="" class="d-inline-block align-text-top mx-2" alt="Vue Logo" height="24"> test</a>
  <div class="d-flex"><button class="btn btn-outline-info"><i class="fa fa-sign-out"></i></button></div>
</nav>
`;
