// Jest Snapshot v1, https://goo.gl/fbAQLP

exports[`EntryView Debe cargar la Etrada con el Id correcto 1`] = `
<div class="entry-title d-flex justify-content-between p-2">
  <div><span class="text-success fs-3 fw-bold">24</span><span class="mx-1 fs-3">Mayo</span><span class="mx-2 fs-4 fw-light">2022,Martes</span></div>
  <div><button class="btn btn-danger mx-2"> Borrar <i class="fa fa-trash-alt"></i></button><input type="file" accept="image/*" style="display: none;"><button class="btn btn-primary"> Subir foto <i class="fa fa-upload"></i></button></div>
</div>
<hr>
<div class="d-flex flex-column px-3 h-75"><textarea placeholder="¿Que sucedió hoy?"></textarea></div>
<img class="img-thumbnail" src="https://res.cloudinary.com/higueradev/image/upload/v1653456402/journal-app/h9vkb151l80m8euovtk3.jpg" alt="entry-picture">
<fab-component-stub icon="fa-save"></fab-component-stub>
`;
