// Jest Snapshot v1, https://goo.gl/fbAQLP

exports[`Pruebas en el Home view Debe hacer match con el snapshot 1`] = `<div class="home"><img alt="Vue logo" src=""><button class="btn btn-primary">Primary</button><button class="btn btn-secondary">Secondary</button><button class="btn btn-success">Success</button></div>`;
